Copyright 1986-2016 Xilinx, Inc. All Rights Reserved.
--------------------------------------------------------------------------------------------
| Tool Version : Vivado v.2016.4 (win64) Build 1756540 Mon Jan 23 19:11:23 MST 2017
| Date         : Wed Mar 29 22:10:16 2017
| Host         : Inator running 64-bit major release  (build 9200)
| Command      : report_control_sets -verbose -file ex3_top_wrapper_control_sets_placed.rpt
| Design       : ex3_top_wrapper
| Device       : xc7a100t
--------------------------------------------------------------------------------------------

Control Set Information

Table of Contents
-----------------
1. Summary
2. Flip-Flop Distribution
3. Detailed Control Set Information

1. Summary
----------

+----------------------------------------------------------+-------+
|                          Status                          | Count |
+----------------------------------------------------------+-------+
| Number of unique control sets                            |     7 |
| Unused register locations in slices containing registers |    12 |
+----------------------------------------------------------+-------+


2. Flip-Flop Distribution
-------------------------

+--------------+-----------------------+------------------------+-----------------+--------------+
| Clock Enable | Synchronous Set/Reset | Asynchronous Set/Reset | Total Registers | Total Slices |
+--------------+-----------------------+------------------------+-----------------+--------------+
| No           | No                    | No                     |              53 |           19 |
| No           | No                    | Yes                    |               0 |            0 |
| No           | Yes                   | No                     |              39 |           11 |
| Yes          | No                    | No                     |              40 |            8 |
| Yes          | No                    | Yes                    |               0 |            0 |
| Yes          | Yes                   | No                     |               0 |            0 |
+--------------+-----------------------+------------------------+-----------------+--------------+


3. Detailed Control Set Information
-----------------------------------

+----------------------------------------------+------------------------------------------------+------------------------------------------------------------------+------------------+----------------+
|                 Clock Signal                 |                  Enable Signal                 |                         Set/Reset Signal                         | Slice Load Count | Bel Load Count |
+----------------------------------------------+------------------------------------------------+------------------------------------------------------------------+------------------+----------------+
|  clk_IBUF_BUFG                               | ex3_top_i/number_of_ones_0/U0/Current_State    |                                                                  |                1 |              4 |
|  ex3_top_i/counter_generic_0/U0/clk_dvr1/clk |                                                |                                                                  |                3 |              7 |
|  clk_IBUF_BUFG                               |                                                | ex3_top_i/number_of_ones_0/U0/Current_State                      |                2 |              8 |
|  clk_IBUF_BUFG                               | ex3_top_i/BinToBCD16_0/U0/int_rg_c[15]_i_1_n_0 |                                                                  |                3 |             16 |
|  clk_IBUF_BUFG                               | ex3_top_i/BinToBCD16_0/U0/get_outputs          |                                                                  |                4 |             20 |
|  clk_IBUF_BUFG                               |                                                | ex3_top_i/counter_generic_0/U0/clk_dvr1/s_divCounter[30]_i_1_n_0 |                9 |             31 |
|  clk_IBUF_BUFG                               |                                                |                                                                  |               16 |             46 |
+----------------------------------------------+------------------------------------------------+------------------------------------------------------------------+------------------+----------------+


+--------+-----------------------+
| Fanout | Number of ControlSets |
+--------+-----------------------+
| 4      |                     1 |
| 7      |                     1 |
| 8      |                     1 |
| 16+    |                     4 |
+--------+-----------------------+


