#-----------------------------------------------------------
# Vivado v2016.4 (64-bit)
# SW Build 1756540 on Mon Jan 23 19:11:23 MST 2017
# IP Build 1755317 on Mon Jan 23 20:30:07 MST 2017
# Start of session at: Wed Apr 05 01:30:57 2017
# Process ID: 12864
# Current directory: C:/Users/jduarte/Documents/GitHub/CR/KeyPadNexys4
# Command line: vivado.exe -gui_launcher_event rodinguilauncherevent3012 C:\Users\jduarte\Documents\GitHub\CR\KeyPadNexys4\KeyPadNexys4.xpr
# Log file: C:/Users/jduarte/Documents/GitHub/CR/KeyPadNexys4/vivado.log
# Journal file: C:/Users/jduarte/Documents/GitHub/CR/KeyPadNexys4\vivado.jou
#-----------------------------------------------------------
start_gui
open_project C:/Users/jduarte/Documents/GitHub/CR/KeyPadNexys4/KeyPadNexys4.xpr
reset_run impl_3
launch_runs impl_3 -jobs 4
wait_on_run impl_3
launch_runs impl_3 -to_step write_bitstream -jobs 4
wait_on_run impl_3
open_bd_design {C:/Users/jduarte/Documents/GitHub/CR/KeyPadNexys4/KeyPadNexys4.srcs/sources_1/bd/B/B.bd}
open_hw
connect_hw_server
open_hw_target
set_property PROGRAM.FILE {C:/Users/jduarte/Documents/GitHub/CR/KeyPadNexys4/KeyPadNexys4.runs/impl_3/B_wrapper.bit} [lindex [get_hw_devices xc7a100t_0] 0]
current_hw_device [lindex [get_hw_devices xc7a100t_0] 0]
refresh_hw_device -update_hw_probes false [lindex [get_hw_devices xc7a100t_0] 0]
set_property PROBES.FILE {} [lindex [get_hw_devices xc7a100t_0] 0]
set_property PROGRAM.FILE {C:/Users/jduarte/Documents/GitHub/CR/KeyPadNexys4/KeyPadNexys4.runs/impl_3/B_wrapper.bit} [lindex [get_hw_devices xc7a100t_0] 0]
program_hw_devices [lindex [get_hw_devices xc7a100t_0] 0]
refresh_hw_device [lindex [get_hw_devices xc7a100t_0] 0]
