#-----------------------------------------------------------
# Vivado v2016.4 (64-bit)
# SW Build 1756540 on Mon Jan 23 19:11:23 MST 2017
# IP Build 1755317 on Mon Jan 23 20:30:07 MST 2017
# Start of session at: Thu Mar 16 07:43:06 2017
# Process ID: 9232
# Current directory: C:/Users/jduarte/Documents/GitHub/CR/Aula3/ex2
# Command line: vivado.exe -gui_launcher_event rodinguilauncherevent6244 C:\Users\jduarte\Documents\GitHub\CR\Aula3\ex2\ex2.xpr
# Log file: C:/Users/jduarte/Documents/GitHub/CR/Aula3/ex2/vivado.log
# Journal file: C:/Users/jduarte/Documents/GitHub/CR/Aula3/ex2\vivado.jou
#-----------------------------------------------------------
start_gui
open_project C:/Users/jduarte/Documents/GitHub/CR/Aula3/ex2/ex2.xpr
open_bd_design {C:/Users/jduarte/Documents/GitHub/CR/Aula3/ex2/ex2.srcs/sources_1/bd/ex2/ex2.bd}
file mkdir C:/Users/jduarte/Documents/GitHub/CR/Aula3/ex2/ex2.srcs/sources_1/new
close [ open C:/Users/jduarte/Documents/GitHub/CR/Aula3/ex2/ex2.srcs/sources_1/new/Maximo_divisor_comum.vhd w ]
add_files C:/Users/jduarte/Documents/GitHub/CR/Aula3/ex2/ex2.srcs/sources_1/new/Maximo_divisor_comum.vhd
import_files -norecurse C:/Users/jduarte/Documents/GitHub/CR/Aula3/ex2/ex2.srcs/sources_1/new/Maximo_divisor_comum.vhd
remove_files  C:/Users/jduarte/Documents/GitHub/CR/Aula3/ex2/ex2.srcs/sources_1/imports/new/Maximo_divisor_comum.vhd
file delete -force C:/Users/jduarte/Documents/GitHub/CR/Aula3/ex2/ex2.srcs/sources_1/imports/new/Maximo_divisor_comum.vhd
close [ open C:/Users/jduarte/Documents/GitHub/CR/Aula3/ex2/ex2.srcs/sources_1/new/Greatest_common_divisor.vhd w ]
add_files C:/Users/jduarte/Documents/GitHub/CR/Aula3/ex2/ex2.srcs/sources_1/new/Greatest_common_divisor.vhd
update_compile_order -fileset sources_1
update_compile_order -fileset sim_1
