#-----------------------------------------------------------
# Vivado v2016.4 (64-bit)
# SW Build 1756540 on Mon Jan 23 19:11:23 MST 2017
# IP Build 1755317 on Mon Jan 23 20:30:07 MST 2017
# Start of session at: Mon Apr 24 09:40:40 2017
# Process ID: 9012
# Current directory: C:/Users/jduarte/Documents/GitHub/CR/TestePratico1/MicroBlaze_Trivial/MicroBlaze_Trivial.runs/MB_to_display_text_dlmb_bram_if_cntlr_0_synth_1
# Command line: vivado.exe -log MB_to_display_text_dlmb_bram_if_cntlr_0.vds -product Vivado -mode batch -messageDb vivado.pb -notrace -source MB_to_display_text_dlmb_bram_if_cntlr_0.tcl
# Log file: C:/Users/jduarte/Documents/GitHub/CR/TestePratico1/MicroBlaze_Trivial/MicroBlaze_Trivial.runs/MB_to_display_text_dlmb_bram_if_cntlr_0_synth_1/MB_to_display_text_dlmb_bram_if_cntlr_0.vds
# Journal file: C:/Users/jduarte/Documents/GitHub/CR/TestePratico1/MicroBlaze_Trivial/MicroBlaze_Trivial.runs/MB_to_display_text_dlmb_bram_if_cntlr_0_synth_1\vivado.jou
#-----------------------------------------------------------
source MB_to_display_text_dlmb_bram_if_cntlr_0.tcl -notrace
